10:22:51 === stress-oom 20260918-102251 | floor=14GiB psi_max=30% max_rung=1 prefill_in=240000 ===
10:22:51 preflight: MemAvailable=25.0GiB PSI-full=0% engine-restarts=0 gpu-top=93621MiB
10:22:51 engine per-pid at REST: 93621 MiB | MemAvailable 25.0 GiB   <-- the baseline every phase is judged against
10:22:51 --- PHASE A: shape churn (lazy cudagraph/inductor capture under mixed batch shapes) ---
10:22:51 preflight: MemAvailable=25.0GiB PSI-full=0% engine-restarts=0 gpu-top=93621MiB
10:22:51 STEP A1 c1 in512: in=512 out=128 conc=1 seed=1007 avail=25.0GiB
10:23:12 STEP A1 c1 in512: rc=0 ok=1/1 in_tok=564 after: avail=24.9GiB gpu-top=93621MiB restarts=0 
10:23:12 preflight: MemAvailable=24.9GiB PSI-full=1% engine-restarts=0 gpu-top=93621MiB
10:23:12 STEP A2 c1 in4096: in=4096 out=128 conc=1 seed=1014 avail=24.9GiB
10:23:41 STEP A2 c1 in4096: rc=0 ok=1/1 in_tok=4148 after: avail=24.9GiB gpu-top=93621MiB restarts=0 
10:23:41 preflight: MemAvailable=24.9GiB PSI-full=4% engine-restarts=0 gpu-top=93621MiB
10:23:41 STEP A3 c1 in16384: in=16384 out=128 conc=1 seed=1021 avail=24.9GiB
10:24:36 STEP A3 c1 in16384: rc=0 ok=1/1 in_tok=16438 after: avail=24.5GiB gpu-top=93621MiB restarts=0 
10:24:36 preflight: MemAvailable=24.5GiB PSI-full=6% engine-restarts=0 gpu-top=93621MiB
10:24:36 STEP A4 c2 in512: in=512 out=128 conc=2 seed=1028 avail=24.5GiB
10:25:01 STEP A4 c2 in512: rc=0 ok=2/2 in_tok=1130 after: avail=24.9GiB gpu-top=93621MiB restarts=0 
10:25:01 preflight: MemAvailable=24.9GiB PSI-full=1% engine-restarts=0 gpu-top=93621MiB
10:25:01 STEP A5 c2 in4096: in=4096 out=128 conc=2 seed=1035 avail=24.9GiB
10:25:37 STEP A5 c2 in4096: rc=0 ok=2/2 in_tok=8299 after: avail=25.0GiB gpu-top=93621MiB restarts=0 
10:25:37 preflight: MemAvailable=25.0GiB PSI-full=3% engine-restarts=0 gpu-top=93621MiB
10:25:37 STEP A6 c2 in16384: in=16384 out=128 conc=2 seed=1042 avail=25.0GiB
10:27:07 STEP A6 c2 in16384: rc=0 ok=2/2 in_tok=32873 after: avail=24.4GiB gpu-top=93621MiB restarts=0 
10:27:07 preflight: MemAvailable=24.4GiB PSI-full=6% engine-restarts=0 gpu-top=93621MiB
10:27:07 STEP A7 c3 in512: in=512 out=128 conc=3 seed=1049 avail=24.4GiB
10:27:35 STEP A7 c3 in512: rc=0 ok=3/3 in_tok=1694 after: avail=24.9GiB gpu-top=93621MiB restarts=0 
10:27:35 preflight: MemAvailable=24.9GiB PSI-full=1% engine-restarts=0 gpu-top=93621MiB
10:27:35 STEP A8 c3 in4096: in=4096 out=128 conc=3 seed=1056 avail=24.9GiB
10:28:25 STEP A8 c3 in4096: rc=0 ok=3/3 in_tok=12445 after: avail=24.8GiB gpu-top=93621MiB restarts=0 
10:28:25 preflight: MemAvailable=24.8GiB PSI-full=4% engine-restarts=0 gpu-top=93621MiB
10:28:25 STEP A9 c3 in16384: in=16384 out=128 conc=3 seed=1063 avail=24.8GiB
10:30:31 STEP A9 c3 in16384: rc=0 ok=3/3 in_tok=49310 after: avail=25.0GiB gpu-top=93621MiB restarts=0 
10:30:31 preflight: MemAvailable=25.0GiB PSI-full=6% engine-restarts=0 gpu-top=93621MiB
10:30:31 STEP A10 c2 in512: in=512 out=128 conc=2 seed=1070 avail=25.0GiB
10:30:57 STEP A10 c2 in512: rc=0 ok=2/2 in_tok=1129 after: avail=25.0GiB gpu-top=93621MiB restarts=0 
10:30:57 preflight: MemAvailable=24.9GiB PSI-full=4% engine-restarts=0 gpu-top=93621MiB
10:30:57 STEP A11 c2 in4096: in=4096 out=128 conc=2 seed=1077 avail=24.9GiB
10:31:34 STEP A11 c2 in4096: rc=0 ok=2/2 in_tok=8299 after: avail=24.7GiB gpu-top=93621MiB restarts=0 
10:31:34 preflight: MemAvailable=24.7GiB PSI-full=3% engine-restarts=0 gpu-top=93621MiB
10:31:34 STEP A12 c2 in16384: in=16384 out=128 conc=2 seed=1084 avail=24.7GiB
10:32:57 STEP A12 c2 in16384: rc=0 ok=2/2 in_tok=32873 after: avail=25.0GiB gpu-top=93621MiB restarts=0 
10:32:57 preflight: MemAvailable=24.9GiB PSI-full=4% engine-restarts=0 gpu-top=93621MiB
10:32:57 STEP A13 c1 in512: in=512 out=128 conc=1 seed=1091 avail=24.9GiB
10:33:19 STEP A13 c1 in512: rc=0 ok=1/1 in_tok=564 after: avail=24.9GiB gpu-top=93621MiB restarts=0 
10:33:19 preflight: MemAvailable=24.9GiB PSI-full=3% engine-restarts=0 gpu-top=93621MiB
10:33:19 STEP A14 c1 in4096: in=4096 out=128 conc=1 seed=1098 avail=24.9GiB
10:33:47 STEP A14 c1 in4096: rc=0 ok=1/1 in_tok=4148 after: avail=24.9GiB gpu-top=93621MiB restarts=0 
10:33:47 preflight: MemAvailable=24.9GiB PSI-full=3% engine-restarts=0 gpu-top=93621MiB
10:33:47 STEP A15 c1 in16384: in=16384 out=128 conc=1 seed=1105 avail=24.9GiB
10:34:36 STEP A15 c1 in16384: rc=0 ok=1/1 in_tok=16437 after: avail=24.9GiB gpu-top=93621MiB restarts=0 
10:34:36 preflight: MemAvailable=24.9GiB PSI-full=5% engine-restarts=0 gpu-top=93621MiB
10:34:36 STEP A16 c3 in512: in=512 out=128 conc=3 seed=1112 avail=24.9GiB
10:35:03 STEP A16 c3 in512: rc=0 ok=3/3 in_tok=1692 after: avail=24.9GiB gpu-top=93621MiB restarts=0 
10:35:03 preflight: MemAvailable=24.9GiB PSI-full=2% engine-restarts=0 gpu-top=93621MiB
10:35:03 STEP A17 c3 in4096: in=4096 out=128 conc=3 seed=1119 avail=24.9GiB
10:35:52 STEP A17 c3 in4096: rc=0 ok=3/3 in_tok=12444 after: avail=24.9GiB gpu-top=93621MiB restarts=0 
10:35:52 preflight: MemAvailable=24.9GiB PSI-full=3% engine-restarts=0 gpu-top=93621MiB
10:35:52 STEP A18 c3 in16384: in=16384 out=128 conc=3 seed=1126 avail=24.9GiB
10:37:30 STEP A18 c3 in16384: rc=0 ok=3/3 in_tok=49308 after: avail=25.0GiB gpu-top=93621MiB restarts=0 
10:37:30 --- PHASE B: concurrent FRESH large prefills (unprofiled activation transient) ---
10:37:30 KV pool is FIXED at 8.2 GiB / 283,398 tok — rungs below are sized by PREFILL, not by KV occupancy
10:37:30 RUNG 1: 2 concurrent x 240000-token FRESH prefills (~468k tok in flight)
10:37:30 preflight: MemAvailable=24.9GiB PSI-full=2% engine-restarts=0 gpu-top=93621MiB
10:37:30 STEP B1 x2: in=240000 out=256 conc=2 seed=5013 avail=24.9GiB
10:52:06 STEP B1 x2: rc=0 ok=2/2 in_tok=480105 after: avail=24.8GiB gpu-top=93621MiB restarts=0 
10:52:06 post-rung: avail=24.8GiB gpu-top=93621MiB — pausing 120s to let the pool settle
10:54:06 === DONE. rest: avail=25.0GiB gpu-top=93621MiB restarts=0 ===
10:54:06 PHASE C (idle decay) is PASSIVE: systemctl status spark-oom-watchdog; read the pre-event curve with
10:54:06   tail -50 /mnt/spark_nvme/oom-watchdog/state/samples.csv   # watch gpu_top_mib ratchet upward while idle
10:54:06   spark-oom-watchdog.sh status
10:54:06 log: /mnt/spark_nvme/stability/logs/stress-oom-20260918-102251.log
